[     491ms] [LOG] # Abv home page script v.1.2.01 # @ https://home.abv.bg/js/main.min.js?v=2.1:4
[     495ms] [LOG] # Abv home page banners library v.1.9.2 # @ https://home.abv.bg/js/main.min.js?v=2.1:3170
[     496ms] [LOG] # GDPR abv v.12.1.20 # @ https://home.abv.bg/js/main.min.js?v=2.1:4581
[     496ms] [LOG] ### Gemius v.2.2.3 ### @ https://home.abv.bg/js/main.min.js?v=2.1:4715
[     501ms] [VERBOSE] [DOM] Input elements should have autocomplete attributes (suggested: "current-password"): (More info: https://goo.gl/9p2vKq) %o @ https://home.abv.bg/:0
[     507ms] [WARNING] An iframe which has both allow-scripts and allow-same-origin for its sandbox attribute can escape its sandboxing. @ https://home.abv.bg/js/jquery.min.js:2192
[     513ms] [WARNING] An iframe which has both allow-scripts and allow-same-origin for its sandbox attribute can escape its sandboxing. @ https://home.abv.bg/js/jquery.min.js:2192
[     515ms] [WARNING] An iframe which has both allow-scripts and allow-same-origin for its sandbox attribute can escape its sandboxing. @ https://home.abv.bg/js/jquery.min.js:2192
[     630ms] [WARNING] An iframe which has both allow-scripts and allow-same-origin for its sandbox attribute can escape its sandboxing. @ https://home.abv.bg/js/jquery.min.js:2192
[     632ms] [WARNING] An iframe which has both allow-scripts and allow-same-origin for its sandbox attribute can escape its sandboxing. @ https://home.abv.bg/js/jquery.min.js:2192
[     636ms] [WARNING] An iframe which has both allow-scripts and allow-same-origin for its sandbox attribute can escape its sandboxing. @ https://home.abv.bg/js/jquery.min.js:2192
[     648ms] [LOG] * Counters v.3.9 * @ https://img.abv.bg/e/s/counters.html?v=2.2:78
[     831ms] [LOG] # w2g diagnose library v.1.0 # @ https://lib.wtg-ads.com/publisher/abv.bg/diagno/lib.min.js:0
[    1186ms] [LOG] #~ Gemius event fired:  [pyM6ETuay1axb8mosdTjz6R..KfGoHBcgod0mxirr8X.07] pyM6ETuay1axb8mosdTjz6R..KfGoHBcgod0mxirr8X.07 [] pp_gemius_hit#pyM6ETuay1axb8mosdTjz6R..KfGoHBcgod0mxirr8X.07 pp_gemius_hit('pyM6ETuay1axb8mosdTjz6R..KfGoHBcgod0mxirr8X.07'); @ https://img.abv.bg/e/s/counters.html?v=2.2:109
[    1312ms] [LOG] ### Gtm html v.3.6.15 ### @ https://img.abv.bg/e/s/gtm.html?t=1780673920820:26
[    1677ms] [LOG] HA @ :0
[    2149ms] [LOG] [BeX Tracking] TCF API present immediate @ https://analytics.contentexchange.me/bex/load/5f9ae8347f08c7237d8609f9:33
[    2151ms] [LOG] [BeX Tracking] TCF event OK undefined @ https://analytics.contentexchange.me/bex/load/5f9ae8347f08c7237d8609f9:33
[    2151ms] [LOG] [BeX Tracking] Have tcdata {tcfPolicyVersion: 5, cmpId: 300, cmpVersion: 2, gdprApplies: true, cmpStatus: loaded} @ https://analytics.contentexchange.me/bex/load/5f9ae8347f08c7237d8609f9:33
[    2152ms] [LOG] [BeX Tracking] storing disallowed @ https://analytics.contentexchange.me/bex/load/5f9ae8347f08c7237d8609f9:33
[    2152ms] [LOG] [BeX Tracking] tracker ready CE @ https://analytics.contentexchange.me/bex/load/5f9ae8347f08c7237d8609f9:33
[    2276ms] [LOG] ##~ Abv GTM 2 receiver check dataLayer:  @ https://img.abv.bg/e/s/gtm.html?t=1780673920820:63
[    2276ms] [LOG] [Object, Object, Object, Object] @ https://img.abv.bg/e/s/gtm.html?t=1780673920820:64
[    2276ms] [LOG] ##~ Abv GTM receiver path state ~:  {} / 
 ~ object path:  {} @ https://img.abv.bg/e/s/gtm.html?t=1780673920820:103
[    4469ms] [LOG] ### consent 1:  {tcfPolicyVersion: 5, cmpId: 300, cmpVersion: 2, gdprApplies: true, cmpStatus: loaded} @ https://home.abv.bg/js/main.min.js?v=2.1:4622
[    4475ms] [LOG] ### consent 1:  {tcString: CQlVK8AQlVK8AEsACBBGCiFoAP_gAEPgAAIwMGpB7C7lbWFCyL…AAAAAAAAAAAAAAAAAAAAAAAAAAAAAAAAAAAIA.cAAAD_wAAAA, tcfPolicyVersion: 5, gdprApplies: true, cmpId: 300, cmpVersion: 2} @ https://home.abv.bg/js/main.min.js?v=2.1:4622
