[    1303ms] [LOG] JQMIGRATE: Migrate is installed with logging active, version 3.5.2 @ https://authpingid.a1telekom.at/logon/LogonPoint/receiver/js/external/jquery-migrate.min.js:3
[    1357ms] [WARNING] JQMIGRATE: jQuery.trim is deprecated; use String.prototype.trim @ https://authpingid.a1telekom.at/logon/LogonPoint/receiver/js/external/jquery-migrate.min.js:1
[    1464ms] [WARNING] JQMIGRATE: jQuery.isFunction() is deprecated @ https://authpingid.a1telekom.at/logon/LogonPoint/receiver/js/external/jquery-migrate.min.js:1
[    1497ms] [WARNING] JQMIGRATE: jQuery.fn.click() event shorthand is deprecated @ https://authpingid.a1telekom.at/logon/LogonPoint/receiver/js/external/jquery-migrate.min.js:1
[    1840ms] [WARNING] JQMIGRATE: jQuery.isArray is deprecated; use Array.isArray @ https://authpingid.a1telekom.at/logon/LogonPoint/receiver/js/external/jquery-migrate.min.js:1
[    2081ms] [WARNING] JQMIGRATE: jQuery.parseJSON is deprecated; use JSON.parse @ https://authpingid.a1telekom.at/logon/LogonPoint/receiver/js/external/jquery-migrate.min.js:1
[    2236ms] [LOG] ctxsFormsAuthentication:could not parse Input node @ https://authpingid.a1telekom.at/logon/LogonPoint/receiver/js/ctxs.webui.min.js:237
[    2238ms] [WARNING] JQMIGRATE: jQuery.fn.change() event shorthand is deprecated @ https://authpingid.a1telekom.at/logon/LogonPoint/receiver/js/external/jquery-migrate.min.js:1
[    2238ms] [WARNING] JQMIGRATE: jQuery.fn.keyup() event shorthand is deprecated @ https://authpingid.a1telekom.at/logon/LogonPoint/receiver/js/external/jquery-migrate.min.js:1
[    2241ms] [WARNING] JQMIGRATE: jQuery.fn.submit() event shorthand is deprecated @ https://authpingid.a1telekom.at/logon/LogonPoint/receiver/js/external/jquery-migrate.min.js:1
[    2262ms] [WARNING] JQMIGRATE: jQuery.fn.focus() event shorthand is deprecated @ https://authpingid.a1telekom.at/logon/LogonPoint/receiver/js/external/jquery-migrate.min.js:1
[    2263ms] [WARNING] JQMIGRATE: jQuery.fn.select() event shorthand is deprecated @ https://authpingid.a1telekom.at/logon/LogonPoint/receiver/js/external/jquery-migrate.min.js:1
[   24385ms] [INFO] Enable remote messaging. WebSocket connect url:  wss://portal-int.open-frontends.a1.net/websocket/messages @ https://portal-int.open-frontends.a1.net/___/client.js?v=062af747c7:1
[   24386ms] [INFO] Starting authentication expiration checker @ https://portal-int.open-frontends.a1.net/___/client.js?v=062af747c7:1
[   24388ms] [INFO] Loading App 'Door2Door Microflow' with instance id: f4ofwZbY @ https://portal-int.open-frontends.a1.net/___/client.js?v=062af747c7:1
[   24388ms] [INFO] Using preloaded App setup for app:  Door2Door Microflow @ https://portal-int.open-frontends.a1.net/___/client.js?v=062af747c7:1
[   24389ms] [LOG] Adding wrapper for app: Door2Door Microflow, host element: app-area1, position: null @ https://portal-int.open-frontends.a1.net/___/client.js?v=062af747c7:1
[   24390ms] [INFO] Loading JS resource:  /___/apps/Door2Door%20Microflow/index.js?v=f65ae56195 @ https://portal-int.open-frontends.a1.net/___/client.js?v=062af747c7:1
[   24572ms] [INFO] Starting portal App 'Door2Door Microflow' with setup: {appId: f4ofwZbY, pluginName: Door2Door Microflow, title: Door2Door Microflow, version: 1.0.38, instanceId: f4ofwZbY} @ https://portal-int.open-frontends.a1.net/___/client.js?v=062af747c7:1
[   24578ms] [INFO] App successfully loaded: Door2Door Microflow @ https://portal-int.open-frontends.a1.net/___/client.js?v=062af747c7:1
[   24582ms] [INFO] Loading App 'Door2Door' with instance id: <undefined> @ https://portal-int.open-frontends.a1.net/___/client.js?v=062af747c7:1
[   24661ms] [LOG] Adding wrapper for app: Door2Door, host element: default, position: null @ https://portal-int.open-frontends.a1.net/___/client.js?v=062af747c7:1
[   24662ms] [INFO] Loading JS resource:  /___/apps/Door2Door/index.js?v=a96de2492b @ https://portal-int.open-frontends.a1.net/___/client.js?v=062af747c7:1
[   25085ms] [INFO] react-intl not found, no i18n support! @ https://portal-int.open-frontends.a1.net/___/apps/Door2Door/index.js?v=a96de2492b:1
[   25110ms] [INFO] Starting portal App 'Door2Door' with setup: {appId: dPo9VKYh, pluginName: Door2Door, title: Door2Door, version: 1.2.627, instanceId: null} @ https://portal-int.open-frontends.a1.net/___/client.js?v=062af747c7:1
[   25112ms] [LOG] production @ https://portal-int.open-frontends.a1.net/___/apps/Door2Door/index.js?v=a96de2492b:1
[   25113ms] [INFO] App successfully loaded: Door2Door @ https://portal-int.open-frontends.a1.net/___/client.js?v=062af747c7:1
[   25113ms] [LOG] Widget dPo9VKYh loaded for tab default.. {id: dPo9VKYh, pluginName: Door2Door, errorPluginMissing: false, title: Door2Door, version: 1.2.627} @ https://portal-int.open-frontends.a1.net/___/apps/Door2Door%20Microflow/index.js?v=f65ae56195:1
[  174666ms] [INFO] Unloading App 'Door2Door' with id: dPo9VKYh @ https://portal-int.open-frontends.a1.net/___/client.js?v=062af747c7:1
[  174668ms] [INFO] Removing resource because it is no longer referenced:  /___/apps/Door2Door/index.js?v=a96de2492b @ https://portal-int.open-frontends.a1.net/___/client.js?v=062af747c7:1
[  174687ms] [INFO] Enable remote messaging. WebSocket connect url:  wss://portal-int.open-frontends.a1.net/websocket/messages @ https://portal-int.open-frontends.a1.net/___/client.js?v=062af747c7:1
[  174687ms] [INFO] Starting authentication expiration checker @ https://portal-int.open-frontends.a1.net/___/client.js?v=062af747c7:1
[  174691ms] [INFO] Loading App 'Door2Door Microflow' with instance id: f4ofwZbY @ https://portal-int.open-frontends.a1.net/___/client.js?v=062af747c7:1
[  174691ms] [INFO] Using preloaded App setup for app:  Door2Door Microflow @ https://portal-int.open-frontends.a1.net/___/client.js?v=062af747c7:1
[  174691ms] [LOG] Adding wrapper for app: Door2Door Microflow, host element: app-area1, position: null @ https://portal-int.open-frontends.a1.net/___/client.js?v=062af747c7:1
[  174691ms] [INFO] Loading JS resource:  /___/apps/Door2Door%20Microflow/index.js?v=f65ae56195 @ https://portal-int.open-frontends.a1.net/___/client.js?v=062af747c7:1
[  174707ms] [INFO] Starting portal App 'Door2Door Microflow' with setup: {appId: f4ofwZbY, pluginName: Door2Door Microflow, title: Door2Door Microflow, version: 1.0.38, instanceId: f4ofwZbY} @ https://portal-int.open-frontends.a1.net/___/client.js?v=062af747c7:1
[  174708ms] [INFO] App successfully loaded: Door2Door Microflow @ https://portal-int.open-frontends.a1.net/___/client.js?v=062af747c7:1
[  174710ms] [INFO] Loading App 'Door2Door' with instance id: <undefined> @ https://portal-int.open-frontends.a1.net/___/client.js?v=062af747c7:1
[  174792ms] [LOG] Adding wrapper for app: Door2Door, host element: default, position: null @ https://portal-int.open-frontends.a1.net/___/client.js?v=062af747c7:1
[  174792ms] [INFO] Loading JS resource:  /___/apps/Door2Door/index.js?v=a96de2492b @ https://portal-int.open-frontends.a1.net/___/client.js?v=062af747c7:1
[  174879ms] [INFO] react-intl not found, no i18n support! @ https://portal-int.open-frontends.a1.net/___/apps/Door2Door/index.js?v=a96de2492b:1
[  174901ms] [INFO] Starting portal App 'Door2Door' with setup: {appId: RwioCr_d, pluginName: Door2Door, title: Door2Door, version: 1.2.627, instanceId: null} @ https://portal-int.open-frontends.a1.net/___/client.js?v=062af747c7:1
[  174905ms] [LOG] production @ https://portal-int.open-frontends.a1.net/___/apps/Door2Door/index.js?v=a96de2492b:1
[  174905ms] [INFO] App successfully loaded: Door2Door @ https://portal-int.open-frontends.a1.net/___/client.js?v=062af747c7:1
[  174905ms] [LOG] Widget RwioCr_d loaded for tab default.. {id: RwioCr_d, pluginName: Door2Door, errorPluginMissing: false, title: Door2Door, version: 1.2.627} @ https://portal-int.open-frontends.a1.net/___/apps/Door2Door%20Microflow/index.js?v=f65ae56195:1
[  608762ms] [INFO] Unloading App 'Door2Door' with id: RwioCr_d @ https://portal-int.open-frontends.a1.net/___/client.js?v=062af747c7:1
[  608763ms] [INFO] Removing resource because it is no longer referenced:  /___/apps/Door2Door/index.js?v=a96de2492b @ https://portal-int.open-frontends.a1.net/___/client.js?v=062af747c7:1
