[   10093ms] [LOG] JQMIGRATE: Migrate is installed with logging active, version 3.5.2 @ https://authpingid.a1telekom.at/logon/LogonPoint/receiver/js/external/jquery-migrate.min.js:3
[   10134ms] [WARNING] JQMIGRATE: jQuery.trim is deprecated; use String.prototype.trim @ https://authpingid.a1telekom.at/logon/LogonPoint/receiver/js/external/jquery-migrate.min.js:1
[   10190ms] [WARNING] JQMIGRATE: jQuery.isFunction() is deprecated @ https://authpingid.a1telekom.at/logon/LogonPoint/receiver/js/external/jquery-migrate.min.js:1
[   10229ms] [WARNING] JQMIGRATE: jQuery.fn.click() event shorthand is deprecated @ https://authpingid.a1telekom.at/logon/LogonPoint/receiver/js/external/jquery-migrate.min.js:1
[   10677ms] [WARNING] JQMIGRATE: jQuery.isArray is deprecated; use Array.isArray @ https://authpingid.a1telekom.at/logon/LogonPoint/receiver/js/external/jquery-migrate.min.js:1
[   10823ms] [WARNING] JQMIGRATE: jQuery.parseJSON is deprecated; use JSON.parse @ https://authpingid.a1telekom.at/logon/LogonPoint/receiver/js/external/jquery-migrate.min.js:1
[   10962ms] [LOG] ctxsFormsAuthentication:could not parse Input node @ https://authpingid.a1telekom.at/logon/LogonPoint/receiver/js/ctxs.webui.min.js:237
[   10964ms] [WARNING] JQMIGRATE: jQuery.fn.change() event shorthand is deprecated @ https://authpingid.a1telekom.at/logon/LogonPoint/receiver/js/external/jquery-migrate.min.js:1
[   10964ms] [WARNING] JQMIGRATE: jQuery.fn.keyup() event shorthand is deprecated @ https://authpingid.a1telekom.at/logon/LogonPoint/receiver/js/external/jquery-migrate.min.js:1
[   10971ms] [WARNING] JQMIGRATE: jQuery.fn.submit() event shorthand is deprecated @ https://authpingid.a1telekom.at/logon/LogonPoint/receiver/js/external/jquery-migrate.min.js:1
[   10986ms] [WARNING] JQMIGRATE: jQuery.fn.focus() event shorthand is deprecated @ https://authpingid.a1telekom.at/logon/LogonPoint/receiver/js/external/jquery-migrate.min.js:1
[   10989ms] [WARNING] JQMIGRATE: jQuery.fn.select() event shorthand is deprecated @ https://authpingid.a1telekom.at/logon/LogonPoint/receiver/js/external/jquery-migrate.min.js:1
[   32352ms] [INFO] Enable remote messaging. WebSocket connect url:  wss://portal-int.open-frontends.a1.net/websocket/messages @ https://portal-int.open-frontends.a1.net/___/client.js?v=062af747c7:1
[   32352ms] [INFO] Starting authentication expiration checker @ https://portal-int.open-frontends.a1.net/___/client.js?v=062af747c7:1
[   32354ms] [INFO] Loading App 'Door2Door Microflow' with instance id: f4ofwZbY @ https://portal-int.open-frontends.a1.net/___/client.js?v=062af747c7:1
[   32354ms] [INFO] Using preloaded App setup for app:  Door2Door Microflow @ https://portal-int.open-frontends.a1.net/___/client.js?v=062af747c7:1
[   32354ms] [LOG] Adding wrapper for app: Door2Door Microflow, host element: app-area1, position: null @ https://portal-int.open-frontends.a1.net/___/client.js?v=062af747c7:1
[   32355ms] [INFO] Loading JS resource:  /___/apps/Door2Door%20Microflow/index.js?v=f65ae56195 @ https://portal-int.open-frontends.a1.net/___/client.js?v=062af747c7:1
[   32535ms] [INFO] Starting portal App 'Door2Door Microflow' with setup: {appId: f4ofwZbY, pluginName: Door2Door Microflow, title: Door2Door Microflow, version: 1.0.38, instanceId: f4ofwZbY} @ https://portal-int.open-frontends.a1.net/___/client.js?v=062af747c7:1
[   32539ms] [INFO] App successfully loaded: Door2Door Microflow @ https://portal-int.open-frontends.a1.net/___/client.js?v=062af747c7:1
[   32543ms] [INFO] Loading App 'Door2Door' with instance id: <undefined> @ https://portal-int.open-frontends.a1.net/___/client.js?v=062af747c7:1
[   32657ms] [LOG] Adding wrapper for app: Door2Door, host element: default, position: null @ https://portal-int.open-frontends.a1.net/___/client.js?v=062af747c7:1
[   32658ms] [INFO] Loading JS resource:  /___/apps/Door2Door/index.js?v=a96de2492b @ https://portal-int.open-frontends.a1.net/___/client.js?v=062af747c7:1
[   33093ms] [INFO] react-intl not found, no i18n support! @ https://portal-int.open-frontends.a1.net/___/apps/Door2Door/index.js?v=a96de2492b:1
[   33124ms] [INFO] Starting portal App 'Door2Door' with setup: {appId: P82i7maa, pluginName: Door2Door, title: Door2Door, version: 1.2.627, instanceId: null} @ https://portal-int.open-frontends.a1.net/___/client.js?v=062af747c7:1
[   33127ms] [LOG] production @ https://portal-int.open-frontends.a1.net/___/apps/Door2Door/index.js?v=a96de2492b:1
[   33128ms] [INFO] App successfully loaded: Door2Door @ https://portal-int.open-frontends.a1.net/___/client.js?v=062af747c7:1
[   33129ms] [LOG] Widget P82i7maa loaded for tab default.. {id: P82i7maa, pluginName: Door2Door, errorPluginMissing: false, title: Door2Door, version: 1.2.627} @ https://portal-int.open-frontends.a1.net/___/apps/Door2Door%20Microflow/index.js?v=f65ae56195:1
